===== i_norm calibration (real drafting, FP drafter) =====
/root/miniconda3/envs/py3.10/lib/python3.10/site-packages/torch/nn/modules/module.py:1790: FutureWarning: `past_key_value` is deprecated and will be removed in version 4.58 for `Qwen3DecoderLayer.forward`. Use `past_key_values` instead.
  return forward_call(*args, **kwargs)
    calib 16/128
    calib 32/128
    calib 48/128
    calib 64/128
    calib 80/128
    calib 96/128
    calib 112/128
    calib 128/128
===== on-policy windows =====
The following generation flags are not valid and may be ignored: ['temperature', 'top_p', 'top_k']. Set `TRANSFORMERS_VERBOSITY=info` for more details.
    generated 64/1800 prompts -> 53 usable windows
    generated 128/1800 prompts -> 112 usable windows
    generated 192/1800 prompts -> 174 usable windows
    generated 256/1800 prompts -> 236 usable windows
    generated 320/1800 prompts -> 298 usable windows
    generated 384/1800 prompts -> 355 usable windows
    generated 448/1800 prompts -> 414 usable windows
    generated 512/1800 prompts -> 474 usable windows
    generated 576/1800 prompts -> 534 usable windows
    generated 640/1800 prompts -> 591 usable windows
    generated 704/1800 prompts -> 651 usable windows
    generated 768/1800 prompts -> 713 usable windows
    generated 832/1800 prompts -> 773 usable windows
    generated 896/1800 prompts -> 833 usable windows
    generated 960/1800 prompts -> 893 usable windows
    generated 1024/1800 prompts -> 952 usable windows
    generated 1088/1800 prompts -> 1014 usable windows
    generated 1152/1800 prompts -> 1072 usable windows
    generated 1216/1800 prompts -> 1129 usable windows
    generated 1280/1800 prompts -> 1188 usable windows
  windows (1152, 208, 4096) in 431s
  proxy FP: {'prefill_tau': 10.828125, 'prefill_tau_sem': 0.4670634865760803, 'surrogate': 9.351005554199219}
===== ADMM, calibrated i_norm (do_train=True) =====
		ADMM weight recon error: raw=11612.7803, norm=0.0900, per_el=6.9218e-04, ADMM time=5.81s
		ADMM weight recon error: raw=4036.8606, norm=0.1331, per_el=9.6246e-04, ADMM time=1.63s
		ADMM weight recon error: raw=128499.6016, norm=0.3076, per_el=7.6592e-03, ADMM time=5.73s
		ADMM weight recon error: raw=1169.1138, norm=0.0672, per_el=2.7874e-04, ADMM time=1.63s
  ADMM layer 0 done
		ADMM weight recon error: raw=95968.9844, norm=0.1674, per_el=5.7202e-03, ADMM time=5.73s
		ADMM weight recon error: raw=28949.7109, norm=0.2142, per_el=6.9021e-03, ADMM time=1.63s
		ADMM weight recon error: raw=125037.2266, norm=0.2935, per_el=7.4528e-03, ADMM time=5.73s
		ADMM weight recon error: raw=16880.6211, norm=0.1258, per_el=4.0247e-03, ADMM time=1.62s
  ADMM layer 1 done
		ADMM weight recon error: raw=119386.4922, norm=0.2067, per_el=7.1160e-03, ADMM time=5.72s
		ADMM weight recon error: raw=35198.5156, norm=0.2685, per_el=8.3920e-03, ADMM time=1.63s
		ADMM weight recon error: raw=117354.1016, norm=0.2879, per_el=6.9948e-03, ADMM time=5.73s
		ADMM weight recon error: raw=28404.7852, norm=0.2070, per_el=6.7722e-03, ADMM time=1.63s
  ADMM layer 2 done
		ADMM weight recon error: raw=122808.1797, norm=0.2111, per_el=7.3199e-03, ADMM time=5.73s
		ADMM weight recon error: raw=32703.9980, norm=0.2753, per_el=7.7972e-03, ADMM time=1.63s
		ADMM weight recon error: raw=126561.2031, norm=0.3029, per_el=7.5436e-03, ADMM time=5.73s
		ADMM weight recon error: raw=27210.5117, norm=0.2134, per_el=6.4875e-03, ADMM time=1.63s
  ADMM layer 3 done
		ADMM weight recon error: raw=132443.3281, norm=0.2343, per_el=7.8942e-03, ADMM time=5.73s
		ADMM weight recon error: raw=39362.8320, norm=0.3015, per_el=9.3848e-03, ADMM time=1.64s
		ADMM weight recon error: raw=138041.7031, norm=0.3009, per_el=8.2279e-03, ADMM time=5.73s
		ADMM weight recon error: raw=33600.2617, norm=0.2431, per_el=8.0109e-03, ADMM time=1.63s
  ADMM layer 4 done
		ADMM weight recon error: raw=136772.2969, norm=0.2368, per_el=8.1523e-03, ADMM time=5.73s
		ADMM weight recon error: raw=40630.5820, norm=0.3052, per_el=9.6871e-03, ADMM time=1.63s
		ADMM weight recon error: raw=137905.6094, norm=0.3089, per_el=8.2198e-03, ADMM time=5.74s
		ADMM weight recon error: raw=35759.0430, norm=0.2477, per_el=8.5256e-03, ADMM time=1.63s
  ADMM layer 5 done
		ADMM weight recon error: raw=140378.8750, norm=0.2466, per_el=8.3672e-03, ADMM time=5.74s
		ADMM weight recon error: raw=40421.8438, norm=0.3084, per_el=9.6373e-03, ADMM time=1.64s
		ADMM weight recon error: raw=137613.2500, norm=0.3013, per_el=8.2024e-03, ADMM time=5.73s
		ADMM weight recon error: raw=36975.3867, norm=0.2525, per_el=8.8156e-03, ADMM time=1.63s
  ADMM layer 6 done
		ADMM weight recon error: raw=140387.3906, norm=0.2380, per_el=8.3677e-03, ADMM time=5.72s
		ADMM weight recon error: raw=41827.9883, norm=0.3071, per_el=9.9726e-03, ADMM time=1.63s
		ADMM weight recon error: raw=142313.5938, norm=0.3188, per_el=8.4826e-03, ADMM time=5.73s
		ADMM weight recon error: raw=37726.8164, norm=0.2523, per_el=8.9948e-03, ADMM time=1.63s
  ADMM layer 7 done
		ADMM weight recon error: raw=138404.0625, norm=0.2466, per_el=8.2495e-03, ADMM time=5.74s
		ADMM weight recon error: raw=41063.8867, norm=0.3145, per_el=9.7904e-03, ADMM time=1.63s
		ADMM weight recon error: raw=142585.4375, norm=0.3067, per_el=8.4988e-03, ADMM time=5.74s
		ADMM weight recon error: raw=36067.5430, norm=0.2516, per_el=8.5992e-03, ADMM time=1.63s
  ADMM layer 8 done
		ADMM weight recon error: raw=130696.5000, norm=0.2399, per_el=7.7901e-03, ADMM time=5.73s
		ADMM weight recon error: raw=40152.1172, norm=0.3254, per_el=9.5730e-03, ADMM time=1.63s
		ADMM weight recon error: raw=151611.9531, norm=0.3097, per_el=9.0368e-03, ADMM time=5.73s
		ADMM weight recon error: raw=33230.3516, norm=0.2516, per_el=7.9227e-03, ADMM time=1.64s
  ADMM layer 9 done
  [admm] sample   0: acc_len=4.952 steps=42 out_tok=208
  [admm] sample   1: acc_len=5.800 steps=15 out_tok=87
  [admm] sample   2: acc_len=5.489 steps=47 out_tok=256
  [admm] sample   3: acc_len=4.952 steps=21 out_tok=104
  [admm] sample   4: acc_len=5.417 steps=48 out_tok=256
  [admm] sample   5: acc_len=3.911 steps=45 out_tok=176
  [admm] sample   6: acc_len=9.000 steps=25 out_tok=225
  [admm] sample   7: acc_len=4.684 steps=57 out_tok=256
  [admm] sample   8: acc_len=3.686 steps=70 out_tok=256
  [admm] sample   9: acc_len=4.357 steps=42 out_tok=183
  [admm] sample  10: acc_len=6.571 steps=35 out_tok=230
  [admm] sample  11: acc_len=5.636 steps=33 out_tok=186
  [admm] sample  12: acc_len=3.924 steps=66 out_tok=256
  [admm] sample  13: acc_len=5.354 steps=48 out_tok=256
  [admm] sample  14: acc_len=7.314 steps=35 out_tok=256
  [admm] sample  15: acc_len=4.860 steps=50 out_tok=243
  [admm] sample  16: acc_len=5.941 steps=17 out_tok=101
  [admm] sample  17: acc_len=6.700 steps=40 out_tok=256
  [admm] sample  18: acc_len=5.464 steps=28 out_tok=153
  [admm] sample  19: acc_len=4.981 steps=54 out_tok=256
  [admm] sample  20: acc_len=4.431 steps=58 out_tok=256
  [admm] sample  21: acc_len=4.723 steps=47 out_tok=222
  [admm] sample  22: acc_len=5.320 steps=25 out_tok=133
  [admm] sample  23: acc_len=5.300 steps=20 out_tok=106
  [admm] sample  24: acc_len=5.769 steps=26 out_tok=150
  [admm] sample  25: acc_len=7.108 steps=37 out_tok=256
  [admm] sample  26: acc_len=7.438 steps=32 out_tok=238
  [admm] sample  27: acc_len=5.808 steps=26 out_tok=151
  [admm] sample  28: acc_len=5.027 steps=37 out_tok=186
  [admm] sample  29: acc_len=6.050 steps=40 out_tok=242
  [admm] sample  30: acc_len=6.816 steps=38 out_tok=256
  [admm] sample  31: acc_len=7.909 steps=33 out_tok=256
  [admm] sample  32: acc_len=5.419 steps=31 out_tok=168
  [admm] sample  33: acc_len=8.455 steps=22 out_tok=186
  [admm] sample  34: acc_len=6.310 steps=29 out_tok=183
  [admm] sample  35: acc_len=8.273 steps=22 out_tok=182
  [admm] sample  36: acc_len=5.690 steps=29 out_tok=165
  [admm] sample  37: acc_len=4.868 steps=53 out_tok=256
  [admm] sample  38: acc_len=5.391 steps=46 out_tok=248
  [admm] sample  39: acc_len=5.933 steps=45 out_tok=256
  [admm-dev] sample   0: acc_len=6.763 steps=38 out_tok=256
  [admm-dev] sample   1: acc_len=4.544 steps=57 out_tok=256
  [admm-dev] sample   2: acc_len=6.500 steps=16 out_tok=104
  [admm-dev] sample   3: acc_len=4.887 steps=53 out_tok=256
  [admm-dev] sample   4: acc_len=6.140 steps=43 out_tok=256
  [admm-dev] sample   5: acc_len=6.718 steps=39 out_tok=256
  [admm-dev] sample   6: acc_len=4.623 steps=53 out_tok=245
  [admm-dev] sample   7: acc_len=7.824 steps=34 out_tok=256
  ADMM-only: gen tau 5.530  dev 5.754  proxy {'prefill_tau': 7.671875, 'prefill_tau_sem': 0.43909427523612976, 'surrogate': 6.509787559509277}
===== sweep =====
    [acc] epoch 01/6 loss -6.9695
    [acc] epoch 02/6 loss -8.1175
    [acc] epoch 03/6 loss -8.6261
    [acc] epoch 04/6 loss -8.9385
    [acc] epoch 05/6 loss -9.1591
    [acc] epoch 06/6 loss -9.2564
  [acc@lat1e-05_sc1e-05-dev] sample   0: acc_len=7.788 steps=33 out_tok=256
  [acc@lat1e-05_sc1e-05-dev] sample   1: acc_len=4.210 steps=62 out_tok=256
  [acc@lat1e-05_sc1e-05-dev] sample   2: acc_len=5.778 steps=18 out_tok=104
  [acc@lat1e-05_sc1e-05-dev] sample   3: acc_len=7.189 steps=37 out_tok=256
  [acc@lat1e-05_sc1e-05-dev] sample   4: acc_len=6.590 steps=39 out_tok=256
  [acc@lat1e-05_sc1e-05-dev] sample   5: acc_len=8.452 steps=31 out_tok=256
  [acc@lat1e-05_sc1e-05-dev] sample   6: acc_len=5.213 steps=47 out_tok=245
  [acc@lat1e-05_sc1e-05-dev] sample   7: acc_len=10.640 steps=25 out_tok=256
  [acc@lat1e-05_sc1e-05] sample   0: acc_len=6.118 steps=34 out_tok=208
  [acc@lat1e-05_sc1e-05] sample   1: acc_len=5.294 steps=17 out_tok=90
  [acc@lat1e-05_sc1e-05] sample   2: acc_len=6.625 steps=40 out_tok=256
  [acc@lat1e-05_sc1e-05] sample   3: acc_len=4.762 steps=21 out_tok=100
  [acc@lat1e-05_sc1e-05] sample   4: acc_len=5.000 steps=48 out_tok=240
  [acc@lat1e-05_sc1e-05] sample   5: acc_len=4.513 steps=39 out_tok=176
  [acc@lat1e-05_sc1e-05] sample   6: acc_len=9.783 steps=23 out_tok=225
  [acc@lat1e-05_sc1e-05] sample   7: acc_len=5.804 steps=46 out_tok=256
  [acc@lat1e-05_sc1e-05] sample   8: acc_len=3.385 steps=78 out_tok=256
  [acc@lat1e-05_sc1e-05] sample   9: acc_len=7.111 steps=36 out_tok=256
  [acc@lat1e-05_sc1e-05] sample  10: acc_len=6.765 steps=34 out_tok=230
  [acc@lat1e-05_sc1e-05] sample  11: acc_len=6.647 steps=34 out_tok=226
  [acc@lat1e-05_sc1e-05] sample  12: acc_len=4.571 steps=56 out_tok=256
  [acc@lat1e-05_sc1e-05] sample  13: acc_len=6.317 steps=41 out_tok=256
  [acc@lat1e-05_sc1e-05] sample  14: acc_len=8.600 steps=30 out_tok=256
  [acc@lat1e-05_sc1e-05] sample  15: acc_len=5.062 steps=48 out_tok=243
  [acc@lat1e-05_sc1e-05] sample  16: acc_len=6.062 steps=16 out_tok=97
  [acc@lat1e-05_sc1e-05] sample  17: acc_len=8.581 steps=31 out_tok=256
  [acc@lat1e-05_sc1e-05] sample  18: acc_len=5.885 steps=26 out_tok=153
  [acc@lat1e-05_sc1e-05] sample  19: acc_len=5.192 steps=52 out_tok=256
  [acc@lat1e-05_sc1e-05] sample  20: acc_len=5.039 steps=51 out_tok=256
  [acc@lat1e-05_sc1e-05] sample  21: acc_len=5.947 steps=38 out_tok=226
  [acc@lat1e-05_sc1e-05] sample  22: acc_len=6.600 steps=20 out_tok=132
  [acc@lat1e-05_sc1e-05] sample  23: acc_len=7.571 steps=14 out_tok=106
  [acc@lat1e-05_sc1e-05] sample  24: acc_len=5.556 steps=27 out_tok=150
  [acc@lat1e-05_sc1e-05] sample  25: acc_len=8.828 steps=29 out_tok=256
  [acc@lat1e-05_sc1e-05] sample  26: acc_len=7.933 steps=30 out_tok=238
  [acc@lat1e-05_sc1e-05] sample  27: acc_len=6.040 steps=25 out_tok=151
  [acc@lat1e-05_sc1e-05] sample  28: acc_len=5.812 steps=32 out_tok=186
  [acc@lat1e-05_sc1e-05] sample  29: acc_len=6.718 steps=39 out_tok=256
  [acc@lat1e-05_sc1e-05] sample  30: acc_len=6.590 steps=39 out_tok=256
  [acc@lat1e-05_sc1e-05] sample  31: acc_len=8.733 steps=30 out_tok=256
  [acc@lat1e-05_sc1e-05] sample  32: acc_len=6.462 steps=26 out_tok=168
  [acc@lat1e-05_sc1e-05] sample  33: acc_len=8.455 steps=22 out_tok=186
  [acc@lat1e-05_sc1e-05] sample  34: acc_len=6.536 steps=28 out_tok=183
  [acc@lat1e-05_sc1e-05] sample  35: acc_len=8.667 steps=21 out_tok=182
  [acc@lat1e-05_sc1e-05] sample  36: acc_len=6.346 steps=26 out_tok=165
  [acc@lat1e-05_sc1e-05] sample  37: acc_len=6.564 steps=39 out_tok=256
  [acc@lat1e-05_sc1e-05] sample  38: acc_len=5.636 steps=44 out_tok=248
  [acc@lat1e-05_sc1e-05] sample  39: acc_len=6.256 steps=43 out_tok=256
  >>> acc@lat1e-05_sc1e-05     dev=6.568  GEN=6.183±0.130  proxy=8.375  flips=0.011%  (129s)
    [acc] epoch 01/6 loss -7.0457
    [acc] epoch 02/6 loss -8.4665
    [acc] epoch 03/6 loss -9.0880
    [acc] epoch 04/6 loss -9.5341
    [acc] epoch 05/6 loss -9.8031
    [acc] epoch 06/6 loss -9.9216
  [acc@lat0.0001_sc1e-05-dev] sample   0: acc_len=7.903 steps=31 out_tok=245
  [acc@lat0.0001_sc1e-05-dev] sample   1: acc_len=4.796 steps=54 out_tok=256
  [acc@lat0.0001_sc1e-05-dev] sample   2: acc_len=5.474 steps=19 out_tok=104
  [acc@lat0.0001_sc1e-05-dev] sample   3: acc_len=6.625 steps=40 out_tok=256
  [acc@lat0.0001_sc1e-05-dev] sample   4: acc_len=6.095 steps=42 out_tok=256
  [acc@lat0.0001_sc1e-05-dev] sample   5: acc_len=8.219 steps=32 out_tok=256
  [acc@lat0.0001_sc1e-05-dev] sample   6: acc_len=5.326 steps=46 out_tok=245
  [acc@lat0.0001_sc1e-05-dev] sample   7: acc_len=9.852 steps=27 out_tok=256
  [acc@lat0.0001_sc1e-05] sample   0: acc_len=5.778 steps=36 out_tok=208
  [acc@lat0.0001_sc1e-05] sample   1: acc_len=5.294 steps=17 out_tok=90
  [acc@lat0.0001_sc1e-05] sample   2: acc_len=6.625 steps=40 out_tok=256
  [acc@lat0.0001_sc1e-05] sample   3: acc_len=6.118 steps=17 out_tok=104
  [acc@lat0.0001_sc1e-05] sample   4: acc_len=5.070 steps=43 out_tok=218
  [acc@lat0.0001_sc1e-05] sample   5: acc_len=4.186 steps=43 out_tok=180
  [acc@lat0.0001_sc1e-05] sample   6: acc_len=9.783 steps=23 out_tok=225
  [acc@lat0.0001_sc1e-05] sample   7: acc_len=5.804 steps=46 out_tok=256
  [acc@lat0.0001_sc1e-05] sample   8: acc_len=3.392 steps=79 out_tok=256
  [acc@lat0.0001_sc1e-05] sample   9: acc_len=7.559 steps=34 out_tok=256
  [acc@lat0.0001_sc1e-05] sample  10: acc_len=6.571 steps=35 out_tok=230
  [acc@lat0.0001_sc1e-05] sample  11: acc_len=7.533 steps=30 out_tok=226
  [acc@lat0.0001_sc1e-05] sample  12: acc_len=5.140 steps=50 out_tok=256
  [acc@lat0.0001_sc1e-05] sample  13: acc_len=6.047 steps=43 out_tok=256
  [acc@lat0.0001_sc1e-05] sample  14: acc_len=7.417 steps=36 out_tok=256
  [acc@lat0.0001_sc1e-05] sample  15: acc_len=4.920 steps=50 out_tok=246
  [acc@lat0.0001_sc1e-05] sample  16: acc_len=6.062 steps=16 out_tok=97
  [acc@lat0.0001_sc1e-05] sample  17: acc_len=8.312 steps=32 out_tok=256
  [acc@lat0.0001_sc1e-05] sample  18: acc_len=6.120 steps=25 out_tok=153
  [acc@lat0.0001_sc1e-05] sample  19: acc_len=4.673 steps=55 out_tok=256
  [acc@lat0.0001_sc1e-05] sample  20: acc_len=4.849 steps=53 out_tok=256
  [acc@lat0.0001_sc1e-05] sample  21: acc_len=5.868 steps=38 out_tok=223
  [acc@lat0.0001_sc1e-05] sample  22: acc_len=7.000 steps=19 out_tok=133
  [acc@lat0.0001_sc1e-05] sample  23: acc_len=7.571 steps=14 out_tok=106
  [acc@lat0.0001_sc1e-05] sample  24: acc_len=5.769 steps=26 out_tok=150
  [acc@lat0.0001_sc1e-05] sample  25: acc_len=8.258 steps=31 out_tok=256
  [acc@lat0.0001_sc1e-05] sample  26: acc_len=7.667 steps=30 out_tok=230
  [acc@lat0.0001_sc1e-05] sample  27: acc_len=6.040 steps=25 out_tok=151
  [acc@lat0.0001_sc1e-05] sample  28: acc_len=5.167 steps=36 out_tok=186
  [acc@lat0.0001_sc1e-05] sample  29: acc_len=6.868 steps=38 out_tok=256
  [acc@lat0.0001_sc1e-05] sample  30: acc_len=7.108 steps=37 out_tok=256
  [acc@lat0.0001_sc1e-05] sample  31: acc_len=8.828 steps=29 out_tok=256
  [acc@lat0.0001_sc1e-05] sample  32: acc_len=6.720 steps=25 out_tok=168
  [acc@lat0.0001_sc1e-05] sample  33: acc_len=8.455 steps=22 out_tok=186
  [acc@lat0.0001_sc1e-05] sample  34: acc_len=6.310 steps=29 out_tok=183
  [acc@lat0.0001_sc1e-05] sample  35: acc_len=9.100 steps=20 out_tok=182
  [acc@lat0.0001_sc1e-05] sample  36: acc_len=6.600 steps=25 out_tok=165
  [acc@lat0.0001_sc1e-05] sample  37: acc_len=6.400 steps=40 out_tok=256
  [acc@lat0.0001_sc1e-05] sample  38: acc_len=5.636 steps=44 out_tok=248
  [acc@lat0.0001_sc1e-05] sample  39: acc_len=6.561 steps=41 out_tok=256
  >>> acc@lat0.0001_sc1e-05    dev=6.540  GEN=6.173±0.129  proxy=8.570  flips=0.032%  (129s)
    [acc] epoch 01/6 loss -7.1547
    [acc] epoch 02/6 loss -8.7068
    [acc] epoch 03/6 loss -9.2745
    [acc] epoch 04/6 loss -9.7480
    [acc] epoch 05/6 loss -10.1339
    [acc] epoch 06/6 loss -10.3266
  [acc@lat0.0003_sc1e-05-dev] sample   0: acc_len=8.290 steps=31 out_tok=256
  [acc@lat0.0003_sc1e-05-dev] sample   1: acc_len=4.887 steps=53 out_tok=256
  [acc@lat0.0003_sc1e-05-dev] sample   2: acc_len=6.500 steps=16 out_tok=104
  [acc@lat0.0003_sc1e-05-dev] sample   3: acc_len=7.054 steps=37 out_tok=256
  [acc@lat0.0003_sc1e-05-dev] sample   4: acc_len=6.763 steps=38 out_tok=256
  [acc@lat0.0003_sc1e-05-dev] sample   5: acc_len=7.194 steps=36 out_tok=256
  [acc@lat0.0003_sc1e-05-dev] sample   6: acc_len=5.229 steps=48 out_tok=251
  [acc@lat0.0003_sc1e-05-dev] sample   7: acc_len=8.867 steps=30 out_tok=256
  [acc@lat0.0003_sc1e-05] sample   0: acc_len=5.943 steps=35 out_tok=208
  [acc@lat0.0003_sc1e-05] sample   1: acc_len=5.294 steps=17 out_tok=90
  [acc@lat0.0003_sc1e-05] sample   2: acc_len=5.625 steps=48 out_tok=256
  [acc@lat0.0003_sc1e-05] sample   3: acc_len=6.118 steps=17 out_tok=104
  [acc@lat0.0003_sc1e-05] sample   4: acc_len=5.841 steps=44 out_tok=256
  [acc@lat0.0003_sc1e-05] sample   5: acc_len=4.513 steps=39 out_tok=176
  [acc@lat0.0003_sc1e-05] sample   6: acc_len=9.783 steps=23 out_tok=225
  [acc@lat0.0003_sc1e-05] sample   7: acc_len=5.449 steps=49 out_tok=256
  [acc@lat0.0003_sc1e-05] sample   8: acc_len=3.429 steps=77 out_tok=256
  [acc@lat0.0003_sc1e-05] sample   9: acc_len=4.692 steps=39 out_tok=183
  [acc@lat0.0003_sc1e-05] sample  10: acc_len=7.444 steps=27 out_tok=201
  [acc@lat0.0003_sc1e-05] sample  11: acc_len=7.290 steps=31 out_tok=226
  [acc@lat0.0003_sc1e-05] sample  12: acc_len=4.544 steps=57 out_tok=256
  [acc@lat0.0003_sc1e-05] sample  13: acc_len=7.970 steps=33 out_tok=256
  [acc@lat0.0003_sc1e-05] sample  14: acc_len=8.900 steps=30 out_tok=256
  [acc@lat0.0003_sc1e-05] sample  15: acc_len=4.824 steps=51 out_tok=246
  [acc@lat0.0003_sc1e-05] sample  16: acc_len=6.312 steps=16 out_tok=101
  [acc@lat0.0003_sc1e-05] sample  17: acc_len=7.361 steps=36 out_tok=256
  [acc@lat0.0003_sc1e-05] sample  18: acc_len=5.885 steps=26 out_tok=153
  [acc@lat0.0003_sc1e-05] sample  19: acc_len=5.696 steps=46 out_tok=256
  [acc@lat0.0003_sc1e-05] sample  20: acc_len=5.864 steps=44 out_tok=256
  [acc@lat0.0003_sc1e-05] sample  21: acc_len=5.488 steps=41 out_tok=225
  [acc@lat0.0003_sc1e-05] sample  22: acc_len=6.650 steps=20 out_tok=133
  [acc@lat0.0003_sc1e-05] sample  23: acc_len=7.067 steps=15 out_tok=106
  [acc@lat0.0003_sc1e-05] sample  24: acc_len=6.250 steps=24 out_tok=150
  [acc@lat0.0003_sc1e-05] sample  25: acc_len=7.935 steps=31 out_tok=246
  [acc@lat0.0003_sc1e-05] sample  26: acc_len=7.667 steps=30 out_tok=230
  [acc@lat0.0003_sc1e-05] sample  27: acc_len=7.190 steps=21 out_tok=151
  [acc@lat0.0003_sc1e-05] sample  28: acc_len=6.700 steps=30 out_tok=201
  [acc@lat0.0003_sc1e-05] sample  29: acc_len=6.179 steps=39 out_tok=241
  [acc@lat0.0003_sc1e-05] sample  30: acc_len=7.848 steps=33 out_tok=256
  [acc@lat0.0003_sc1e-05] sample  31: acc_len=9.630 steps=27 out_tok=256
  [acc@lat0.0003_sc1e-05] sample  32: acc_len=7.000 steps=24 out_tok=168
  [acc@lat0.0003_sc1e-05] sample  33: acc_len=8.857 steps=21 out_tok=186
  [acc@lat0.0003_sc1e-05] sample  34: acc_len=6.778 steps=27 out_tok=183
  [acc@lat0.0003_sc1e-05] sample  35: acc_len=7.583 steps=24 out_tok=182
  [acc@lat0.0003_sc1e-05] sample  36: acc_len=6.600 steps=25 out_tok=165
  [acc@lat0.0003_sc1e-05] sample  37: acc_len=6.763 steps=38 out_tok=256
  [acc@lat0.0003_sc1e-05] sample  38: acc_len=5.767 steps=43 out_tok=248
  [acc@lat0.0003_sc1e-05] sample  39: acc_len=6.256 steps=43 out_tok=256
  >>> acc@lat0.0003_sc1e-05    dev=6.623  GEN=6.268±0.131  proxy=8.367  flips=0.084%  (129s)
    [acc] epoch 01/6 loss -6.2374
    [acc] epoch 02/6 loss -6.1344
    [acc] epoch 03/6 loss -6.2330
    [acc] epoch 04/6 loss -6.9130
    [acc] epoch 05/6 loss -7.5650
    [acc] epoch 06/6 loss -8.0685
  [acc@lat0.001_sc1e-05-dev] sample   0: acc_len=6.737 steps=38 out_tok=256
  [acc@lat0.001_sc1e-05-dev] sample   1: acc_len=4.709 steps=55 out_tok=256
  [acc@lat0.001_sc1e-05-dev] sample   2: acc_len=5.474 steps=19 out_tok=104
  [acc@lat0.001_sc1e-05-dev] sample   3: acc_len=4.981 steps=52 out_tok=256
  [acc@lat0.001_sc1e-05-dev] sample   4: acc_len=5.245 steps=49 out_tok=256
  [acc@lat0.001_sc1e-05-dev] sample   5: acc_len=4.907 steps=54 out_tok=256
  [acc@lat0.001_sc1e-05-dev] sample   6: acc_len=4.827 steps=52 out_tok=251
  [acc@lat0.001_sc1e-05-dev] sample   7: acc_len=7.758 steps=33 out_tok=256
  [acc@lat0.001_sc1e-05] sample   0: acc_len=5.333 steps=39 out_tok=208
  [acc@lat0.001_sc1e-05] sample   1: acc_len=4.737 steps=19 out_tok=90
  [acc@lat0.001_sc1e-05] sample   2: acc_len=5.176 steps=51 out_tok=256
  [acc@lat0.001_sc1e-05] sample   3: acc_len=5.474 steps=19 out_tok=104
  [acc@lat0.001_sc1e-05] sample   4: acc_len=5.000 steps=40 out_tok=200
  [acc@lat0.001_sc1e-05] sample   5: acc_len=4.400 steps=40 out_tok=176
  [acc@lat0.001_sc1e-05] sample   6: acc_len=6.818 steps=33 out_tok=225
  [acc@lat0.001_sc1e-05] sample   7: acc_len=5.019 steps=54 out_tok=256
  [acc@lat0.001_sc1e-05] sample   8: acc_len=3.241 steps=79 out_tok=256
  [acc@lat0.001_sc1e-05] sample   9: acc_len=5.841 steps=44 out_tok=256
  [acc@lat0.001_sc1e-05] sample  10: acc_len=6.053 steps=38 out_tok=230
  [acc@lat0.001_sc1e-05] sample  11: acc_len=5.314 steps=35 out_tok=186
  [acc@lat0.001_sc1e-05] sample  12: acc_len=3.710 steps=69 out_tok=256
  [acc@lat0.001_sc1e-05] sample  13: acc_len=5.200 steps=50 out_tok=256
  [acc@lat0.001_sc1e-05] sample  14: acc_len=7.343 steps=35 out_tok=256
  [acc@lat0.001_sc1e-05] sample  15: acc_len=4.500 steps=54 out_tok=243
  [acc@lat0.001_sc1e-05] sample  16: acc_len=4.810 steps=21 out_tok=101
  [acc@lat0.001_sc1e-05] sample  17: acc_len=6.286 steps=42 out_tok=256
  [acc@lat0.001_sc1e-05] sample  18: acc_len=4.935 steps=31 out_tok=153
  [acc@lat0.001_sc1e-05] sample  19: acc_len=4.868 steps=53 out_tok=256
  [acc@lat0.001_sc1e-05] sample  20: acc_len=5.711 steps=45 out_tok=256
  [acc@lat0.001_sc1e-05] sample  21: acc_len=4.561 steps=41 out_tok=187
  [acc@lat0.001_sc1e-05] sample  22: acc_len=5.500 steps=24 out_tok=132
  [acc@lat0.001_sc1e-05] sample  23: acc_len=4.818 steps=22 out_tok=106
  [acc@lat0.001_sc1e-05] sample  24: acc_len=5.357 steps=28 out_tok=150
  [acc@lat0.001_sc1e-05] sample  25: acc_len=6.474 steps=38 out_tok=246
  [acc@lat0.001_sc1e-05] sample  26: acc_len=6.432 steps=37 out_tok=238
  [acc@lat0.001_sc1e-05] sample  27: acc_len=5.393 steps=28 out_tok=151
  [acc@lat0.001_sc1e-05] sample  28: acc_len=5.912 steps=34 out_tok=201
  [acc@lat0.001_sc1e-05] sample  29: acc_len=5.500 steps=44 out_tok=242
  [acc@lat0.001_sc1e-05] sample  30: acc_len=5.953 steps=43 out_tok=256
  [acc@lat0.001_sc1e-05] sample  31: acc_len=6.525 steps=40 out_tok=256
  [acc@lat0.001_sc1e-05] sample  32: acc_len=4.800 steps=35 out_tok=168
  [acc@lat0.001_sc1e-05] sample  33: acc_len=7.440 steps=25 out_tok=186
  [acc@lat0.001_sc1e-05] sample  34: acc_len=5.083 steps=36 out_tok=183
  [acc@lat0.001_sc1e-05] sample  35: acc_len=6.500 steps=32 out_tok=208
  [acc@lat0.001_sc1e-05] sample  36: acc_len=6.111 steps=27 out_tok=165
  [acc@lat0.001_sc1e-05] sample  37: acc_len=5.565 steps=46 out_tok=256
  [acc@lat0.001_sc1e-05] sample  38: acc_len=4.769 steps=52 out_tok=248
  [acc@lat0.001_sc1e-05] sample  39: acc_len=4.077 steps=65 out_tok=256
  >>> acc@lat0.001_sc1e-05     dev=5.418  GEN=5.268±0.104  proxy=6.875  flips=0.454%  (129s)
    [ce] epoch 01/6 loss 1.3785
    [ce] epoch 02/6 loss 1.1580
    [ce] epoch 03/6 loss 1.0142
    [ce] epoch 04/6 loss 0.9155
    [ce] epoch 05/6 loss 0.8539
    [ce] epoch 06/6 loss 0.8290
  [ce@lat1e-05_sc1e-05-dev] sample   0: acc_len=8.031 steps=32 out_tok=256
  [ce@lat1e-05_sc1e-05-dev] sample   1: acc_len=4.849 steps=53 out_tok=256
  [ce@lat1e-05_sc1e-05-dev] sample   2: acc_len=6.933 steps=15 out_tok=104
  [ce@lat1e-05_sc1e-05-dev] sample   3: acc_len=6.525 steps=40 out_tok=256
  [ce@lat1e-05_sc1e-05-dev] sample   4: acc_len=7.026 steps=38 out_tok=256
  [ce@lat1e-05_sc1e-05-dev] sample   5: acc_len=8.833 steps=30 out_tok=256
  [ce@lat1e-05_sc1e-05-dev] sample   6: acc_len=4.922 steps=51 out_tok=251
  [ce@lat1e-05_sc1e-05-dev] sample   7: acc_len=10.231 steps=26 out_tok=256
  [ce@lat1e-05_sc1e-05] sample   0: acc_len=5.622 steps=37 out_tok=208
  [ce@lat1e-05_sc1e-05] sample   1: acc_len=5.294 steps=17 out_tok=90
  [ce@lat1e-05_sc1e-05] sample   2: acc_len=6.868 steps=38 out_tok=256
  [ce@lat1e-05_sc1e-05] sample   3: acc_len=5.474 steps=19 out_tok=104
  [ce@lat1e-05_sc1e-05] sample   4: acc_len=6.119 steps=42 out_tok=256
  [ce@lat1e-05_sc1e-05] sample   5: acc_len=4.486 steps=37 out_tok=166
  [ce@lat1e-05_sc1e-05] sample   6: acc_len=10.227 steps=22 out_tok=225
  [ce@lat1e-05_sc1e-05] sample   7: acc_len=5.681 steps=47 out_tok=256
  [ce@lat1e-05_sc1e-05] sample   8: acc_len=3.533 steps=75 out_tok=256
  [ce@lat1e-05_sc1e-05] sample   9: acc_len=7.400 steps=35 out_tok=256
  [ce@lat1e-05_sc1e-05] sample  10: acc_len=6.389 steps=36 out_tok=230
  [ce@lat1e-05_sc1e-05] sample  11: acc_len=7.793 steps=29 out_tok=226
  [ce@lat1e-05_sc1e-05] sample  12: acc_len=4.129 steps=62 out_tok=256
  [ce@lat1e-05_sc1e-05] sample  13: acc_len=6.190 steps=42 out_tok=256
  [ce@lat1e-05_sc1e-05] sample  14: acc_len=8.344 steps=32 out_tok=256
  [ce@lat1e-05_sc1e-05] sample  15: acc_len=5.170 steps=47 out_tok=243
  [ce@lat1e-05_sc1e-05] sample  16: acc_len=6.312 steps=16 out_tok=101
  [ce@lat1e-05_sc1e-05] sample  17: acc_len=7.361 steps=36 out_tok=256
  [ce@lat1e-05_sc1e-05] sample  18: acc_len=6.120 steps=25 out_tok=153
  [ce@lat1e-05_sc1e-05] sample  19: acc_len=5.458 steps=48 out_tok=256
  [ce@lat1e-05_sc1e-05] sample  20: acc_len=5.783 steps=46 out_tok=256
  [ce@lat1e-05_sc1e-05] sample  21: acc_len=5.575 steps=40 out_tok=223
  [ce@lat1e-05_sc1e-05] sample  22: acc_len=6.045 steps=22 out_tok=133
  [ce@lat1e-05_sc1e-05] sample  23: acc_len=5.889 steps=18 out_tok=106
  [ce@lat1e-05_sc1e-05] sample  24: acc_len=6.250 steps=24 out_tok=150
  [ce@lat1e-05_sc1e-05] sample  25: acc_len=8.000 steps=32 out_tok=256
  [ce@lat1e-05_sc1e-05] sample  26: acc_len=7.613 steps=31 out_tok=236
  [ce@lat1e-05_sc1e-05] sample  27: acc_len=6.040 steps=25 out_tok=151
  [ce@lat1e-05_sc1e-05] sample  28: acc_len=6.700 steps=30 out_tok=201
  [ce@lat1e-05_sc1e-05] sample  29: acc_len=6.268 steps=41 out_tok=256
  [ce@lat1e-05_sc1e-05] sample  30: acc_len=6.615 steps=39 out_tok=256
  [ce@lat1e-05_sc1e-05] sample  31: acc_len=8.094 steps=32 out_tok=256
  [ce@lat1e-05_sc1e-05] sample  32: acc_len=7.000 steps=24 out_tok=168
  [ce@lat1e-05_sc1e-05] sample  33: acc_len=8.455 steps=22 out_tok=186
  [ce@lat1e-05_sc1e-05] sample  34: acc_len=6.778 steps=27 out_tok=183
  [ce@lat1e-05_sc1e-05] sample  35: acc_len=8.273 steps=22 out_tok=182
  [ce@lat1e-05_sc1e-05] sample  36: acc_len=5.690 steps=29 out_tok=165
  [ce@lat1e-05_sc1e-05] sample  37: acc_len=6.400 steps=40 out_tok=256
  [ce@lat1e-05_sc1e-05] sample  38: acc_len=5.636 steps=44 out_tok=248
  [ce@lat1e-05_sc1e-05] sample  39: acc_len=5.000 steps=53 out_tok=256
  >>> ce@lat1e-05_sc1e-05      dev=6.765  GEN=6.156±0.126  proxy=8.539  flips=0.012%  (129s)
    [ce] epoch 01/6 loss 1.3732
    [ce] epoch 02/6 loss 0.9966
    [ce] epoch 03/6 loss 0.7317
    [ce] epoch 04/6 loss 0.5611
    [ce] epoch 05/6 loss 0.4687
    [ce] epoch 06/6 loss 0.4291
  [ce@lat0.0001_sc1e-05-dev] sample   0: acc_len=8.167 steps=30 out_tok=245
  [ce@lat0.0001_sc1e-05-dev] sample   1: acc_len=4.849 steps=53 out_tok=256
  [ce@lat0.0001_sc1e-05-dev] sample   2: acc_len=6.118 steps=17 out_tok=104
  [ce@lat0.0001_sc1e-05-dev] sample   3: acc_len=6.047 steps=43 out_tok=256
  [ce@lat0.0001_sc1e-05-dev] sample   4: acc_len=7.600 steps=35 out_tok=256
  [ce@lat0.0001_sc1e-05-dev] sample   5: acc_len=8.516 steps=31 out_tok=256
  [ce@lat0.0001_sc1e-05-dev] sample   6: acc_len=5.213 steps=47 out_tok=245
  [ce@lat0.0001_sc1e-05-dev] sample   7: acc_len=9.852 steps=27 out_tok=256
  [ce@lat0.0001_sc1e-05] sample   0: acc_len=5.622 steps=37 out_tok=208
  [ce@lat0.0001_sc1e-05] sample   1: acc_len=6.214 steps=14 out_tok=87
  [ce@lat0.0001_sc1e-05] sample   2: acc_len=6.450 steps=40 out_tok=256
  [ce@lat0.0001_sc1e-05] sample   3: acc_len=5.474 steps=19 out_tok=104
  [ce@lat0.0001_sc1e-05] sample   4: acc_len=6.400 steps=40 out_tok=256
  [ce@lat0.0001_sc1e-05] sample   5: acc_len=4.486 steps=37 out_tok=166
  [ce@lat0.0001_sc1e-05] sample   6: acc_len=10.714 steps=21 out_tok=225
  [ce@lat0.0001_sc1e-05] sample   7: acc_len=6.068 steps=44 out_tok=256
  [ce@lat0.0001_sc1e-05] sample   8: acc_len=3.427 steps=75 out_tok=256
  [ce@lat0.0001_sc1e-05] sample   9: acc_len=8.094 steps=32 out_tok=256
  [ce@lat0.0001_sc1e-05] sample  10: acc_len=6.389 steps=36 out_tok=230
  [ce@lat0.0001_sc1e-05] sample  11: acc_len=7.154 steps=26 out_tok=186
  [ce@lat0.0001_sc1e-05] sample  12: acc_len=4.887 steps=53 out_tok=256
  [ce@lat0.0001_sc1e-05] sample  13: acc_len=5.911 steps=45 out_tok=256
  [ce@lat0.0001_sc1e-05] sample  14: acc_len=8.613 steps=31 out_tok=256
  [ce@lat0.0001_sc1e-05] sample  15: acc_len=5.062 steps=48 out_tok=243
  [ce@lat0.0001_sc1e-05] sample  16: acc_len=6.312 steps=16 out_tok=101
  [ce@lat0.0001_sc1e-05] sample  17: acc_len=7.571 steps=35 out_tok=256
  [ce@lat0.0001_sc1e-05] sample  18: acc_len=6.120 steps=25 out_tok=153
  [ce@lat0.0001_sc1e-05] sample  19: acc_len=4.655 steps=55 out_tok=256
  [ce@lat0.0001_sc1e-05] sample  20: acc_len=4.962 steps=52 out_tok=256
  [ce@lat0.0001_sc1e-05] sample  21: acc_len=5.718 steps=39 out_tok=223
  [ce@lat0.0001_sc1e-05] sample  22: acc_len=6.947 steps=19 out_tok=132
  [ce@lat0.0001_sc1e-05] sample  23: acc_len=6.235 steps=17 out_tok=106
  [ce@lat0.0001_sc1e-05] sample  24: acc_len=6.000 steps=25 out_tok=150
  [ce@lat0.0001_sc1e-05] sample  25: acc_len=7.935 steps=31 out_tok=246
  [ce@lat0.0001_sc1e-05] sample  26: acc_len=8.500 steps=28 out_tok=238
  [ce@lat0.0001_sc1e-05] sample  27: acc_len=6.040 steps=25 out_tok=151
  [ce@lat0.0001_sc1e-05] sample  28: acc_len=6.484 steps=31 out_tok=201
  [ce@lat0.0001_sc1e-05] sample  29: acc_len=6.541 steps=37 out_tok=242
  [ce@lat0.0001_sc1e-05] sample  30: acc_len=6.816 steps=38 out_tok=256
  [ce@lat0.0001_sc1e-05] sample  31: acc_len=9.000 steps=29 out_tok=256
  [ce@lat0.0001_sc1e-05] sample  32: acc_len=7.304 steps=23 out_tok=168
  [ce@lat0.0001_sc1e-05] sample  33: acc_len=8.857 steps=21 out_tok=186
  [ce@lat0.0001_sc1e-05] sample  34: acc_len=6.778 steps=27 out_tok=183
  [ce@lat0.0001_sc1e-05] sample  35: acc_len=8.320 steps=25 out_tok=208
  [ce@lat0.0001_sc1e-05] sample  36: acc_len=5.893 steps=28 out_tok=165
  [ce@lat0.0001_sc1e-05] sample  37: acc_len=6.400 steps=40 out_tok=256
  [ce@lat0.0001_sc1e-05] sample  38: acc_len=5.636 steps=44 out_tok=248
  [ce@lat0.0001_sc1e-05] sample  39: acc_len=6.405 steps=42 out_tok=256
  >>> ce@lat0.0001_sc1e-05     dev=6.739  GEN=6.269±0.131  proxy=8.586  flips=0.039%  (129s)
    [ce] epoch 01/6 loss 1.3760
    [ce] epoch 02/6 loss 0.7658
    [ce] epoch 03/6 loss 0.5121
    [ce] epoch 04/6 loss 0.3486
    [ce] epoch 05/6 loss 0.2263
    [ce] epoch 06/6 loss 0.1656
  [ce@lat0.0003_sc1e-05-dev] sample   0: acc_len=8.167 steps=30 out_tok=245
  [ce@lat0.0003_sc1e-05-dev] sample   1: acc_len=4.586 steps=58 out_tok=256
  [ce@lat0.0003_sc1e-05-dev] sample   2: acc_len=5.778 steps=18 out_tok=104
  [ce@lat0.0003_sc1e-05-dev] sample   3: acc_len=6.525 steps=40 out_tok=256
  [ce@lat0.0003_sc1e-05-dev] sample   4: acc_len=6.590 steps=39 out_tok=256
  [ce@lat0.0003_sc1e-05-dev] sample   5: acc_len=8.800 steps=30 out_tok=256
  [ce@lat0.0003_sc1e-05-dev] sample   6: acc_len=4.922 steps=51 out_tok=251
  [ce@lat0.0003_sc1e-05-dev] sample   7: acc_len=9.852 steps=27 out_tok=256
  [ce@lat0.0003_sc1e-05] sample   0: acc_len=5.622 steps=37 out_tok=208
  [ce@lat0.0003_sc1e-05] sample   1: acc_len=6.429 steps=14 out_tok=90
  [ce@lat0.0003_sc1e-05] sample   2: acc_len=6.381 steps=42 out_tok=256
  [ce@lat0.0003_sc1e-05] sample   3: acc_len=5.474 steps=19 out_tok=104
  [ce@lat0.0003_sc1e-05] sample   4: acc_len=5.630 steps=46 out_tok=256
  [ce@lat0.0003_sc1e-05] sample   5: acc_len=4.190 steps=42 out_tok=176
  [ce@lat0.0003_sc1e-05] sample   6: acc_len=9.375 steps=24 out_tok=225
  [ce@lat0.0003_sc1e-05] sample   7: acc_len=5.681 steps=47 out_tok=256
  [ce@lat0.0003_sc1e-05] sample   8: acc_len=3.722 steps=72 out_tok=256
  [ce@lat0.0003_sc1e-05] sample   9: acc_len=7.429 steps=35 out_tok=256
  [ce@lat0.0003_sc1e-05] sample  10: acc_len=6.216 steps=37 out_tok=230
  [ce@lat0.0003_sc1e-05] sample  11: acc_len=6.414 steps=29 out_tok=186
  [ce@lat0.0003_sc1e-05] sample  12: acc_len=4.778 steps=54 out_tok=256
  [ce@lat0.0003_sc1e-05] sample  13: acc_len=5.932 steps=44 out_tok=256
  [ce@lat0.0003_sc1e-05] sample  14: acc_len=8.219 steps=32 out_tok=256
  [ce@lat0.0003_sc1e-05] sample  15: acc_len=5.170 steps=47 out_tok=243
  [ce@lat0.0003_sc1e-05] sample  16: acc_len=6.733 steps=15 out_tok=101
  [ce@lat0.0003_sc1e-05] sample  17: acc_len=7.571 steps=35 out_tok=256
  [ce@lat0.0003_sc1e-05] sample  18: acc_len=6.375 steps=24 out_tok=153
  [ce@lat0.0003_sc1e-05] sample  19: acc_len=5.059 steps=51 out_tok=256
  [ce@lat0.0003_sc1e-05] sample  20: acc_len=5.587 steps=46 out_tok=256
  [ce@lat0.0003_sc1e-05] sample  21: acc_len=5.769 steps=39 out_tok=225
  [ce@lat0.0003_sc1e-05] sample  22: acc_len=6.333 steps=21 out_tok=133
  [ce@lat0.0003_sc1e-05] sample  23: acc_len=6.625 steps=16 out_tok=106
  [ce@lat0.0003_sc1e-05] sample  24: acc_len=6.250 steps=24 out_tok=150
  [ce@lat0.0003_sc1e-05] sample  25: acc_len=8.031 steps=32 out_tok=256
  [ce@lat0.0003_sc1e-05] sample  26: acc_len=8.519 steps=27 out_tok=230
  [ce@lat0.0003_sc1e-05] sample  27: acc_len=6.292 steps=24 out_tok=151
  [ce@lat0.0003_sc1e-05] sample  28: acc_len=6.700 steps=30 out_tok=201
  [ce@lat0.0003_sc1e-05] sample  29: acc_len=6.070 steps=43 out_tok=256
  [ce@lat0.0003_sc1e-05] sample  30: acc_len=7.618 steps=34 out_tok=256
  [ce@lat0.0003_sc1e-05] sample  31: acc_len=9.630 steps=27 out_tok=256
  [ce@lat0.0003_sc1e-05] sample  32: acc_len=7.304 steps=23 out_tok=168
  [ce@lat0.0003_sc1e-05] sample  33: acc_len=8.455 steps=22 out_tok=186
  [ce@lat0.0003_sc1e-05] sample  34: acc_len=5.903 steps=31 out_tok=183
  [ce@lat0.0003_sc1e-05] sample  35: acc_len=8.320 steps=25 out_tok=208
  [ce@lat0.0003_sc1e-05] sample  36: acc_len=6.600 steps=25 out_tok=165
  [ce@lat0.0003_sc1e-05] sample  37: acc_len=5.818 steps=44 out_tok=256
  [ce@lat0.0003_sc1e-05] sample  38: acc_len=5.767 steps=43 out_tok=248
  [ce@lat0.0003_sc1e-05] sample  39: acc_len=6.700 steps=40 out_tok=256
  >>> ce@lat0.0003_sc1e-05     dev=6.532  GEN=6.252±0.131  proxy=8.484  flips=0.091%  (129s)
    [ce] epoch 01/6 loss 1.5775
    [ce] epoch 02/6 loss 0.9819
    [ce] epoch 03/6 loss 0.7578
    [ce] epoch 04/6 loss 0.4757
    [ce] epoch 05/6 loss 0.2455
    [ce] epoch 06/6 loss 0.1126
  [ce@lat0.001_sc1e-05-dev] sample   0: acc_len=6.946 steps=37 out_tok=256
  [ce@lat0.001_sc1e-05-dev] sample   1: acc_len=4.691 steps=55 out_tok=256
  [ce@lat0.001_sc1e-05-dev] sample   2: acc_len=5.200 steps=20 out_tok=104
  [ce@lat0.001_sc1e-05-dev] sample   3: acc_len=5.932 steps=44 out_tok=256
  [ce@lat0.001_sc1e-05-dev] sample   4: acc_len=6.070 steps=43 out_tok=256
  [ce@lat0.001_sc1e-05-dev] sample   5: acc_len=6.317 steps=41 out_tok=256
  [ce@lat0.001_sc1e-05-dev] sample   6: acc_len=4.736 steps=53 out_tok=251
  [ce@lat0.001_sc1e-05-dev] sample   7: acc_len=7.848 steps=33 out_tok=256
  [ce@lat0.001_sc1e-05] sample   0: acc_len=5.622 steps=37 out_tok=208
  [ce@lat0.001_sc1e-05] sample   1: acc_len=5.000 steps=18 out_tok=90
  [ce@lat0.001_sc1e-05] sample   2: acc_len=6.463 steps=41 out_tok=256
  [ce@lat0.001_sc1e-05] sample   3: acc_len=5.778 steps=18 out_tok=104
  [ce@lat0.001_sc1e-05] sample   4: acc_len=4.887 steps=53 out_tok=256
  [ce@lat0.001_sc1e-05] sample   5: acc_len=4.190 steps=42 out_tok=176
  [ce@lat0.001_sc1e-05] sample   6: acc_len=8.036 steps=28 out_tok=225
  [ce@lat0.001_sc1e-05] sample   7: acc_len=4.962 steps=52 out_tok=256
  [ce@lat0.001_sc1e-05] sample   8: acc_len=3.836 steps=67 out_tok=256
  [ce@lat0.001_sc1e-05] sample   9: acc_len=6.425 steps=40 out_tok=256
  [ce@lat0.001_sc1e-05] sample  10: acc_len=5.611 steps=36 out_tok=202
  [ce@lat0.001_sc1e-05] sample  11: acc_len=6.457 steps=35 out_tok=226
  [ce@lat0.001_sc1e-05] sample  12: acc_len=3.821 steps=67 out_tok=256
  [ce@lat0.001_sc1e-05] sample  13: acc_len=5.565 steps=46 out_tok=256
  [ce@lat0.001_sc1e-05] sample  14: acc_len=7.417 steps=36 out_tok=256
  [ce@lat0.001_sc1e-05] sample  15: acc_len=4.473 steps=55 out_tok=246
  [ce@lat0.001_sc1e-05] sample  16: acc_len=5.941 steps=17 out_tok=101
  [ce@lat0.001_sc1e-05] sample  17: acc_len=7.306 steps=36 out_tok=256
  [ce@lat0.001_sc1e-05] sample  18: acc_len=6.120 steps=25 out_tok=153
  [ce@lat0.001_sc1e-05] sample  19: acc_len=4.764 steps=55 out_tok=256
  [ce@lat0.001_sc1e-05] sample  20: acc_len=4.962 steps=52 out_tok=256
  [ce@lat0.001_sc1e-05] sample  21: acc_len=5.068 steps=44 out_tok=223
  [ce@lat0.001_sc1e-05] sample  22: acc_len=5.542 steps=24 out_tok=133
  [ce@lat0.001_sc1e-05] sample  23: acc_len=5.300 steps=20 out_tok=106
  [ce@lat0.001_sc1e-05] sample  24: acc_len=5.556 steps=27 out_tok=150
  [ce@lat0.001_sc1e-05] sample  25: acc_len=7.243 steps=37 out_tok=256
  [ce@lat0.001_sc1e-05] sample  26: acc_len=6.970 steps=33 out_tok=230
  [ce@lat0.001_sc1e-05] sample  27: acc_len=6.565 steps=23 out_tok=151
  [ce@lat0.001_sc1e-05] sample  28: acc_len=5.314 steps=35 out_tok=186
  [ce@lat0.001_sc1e-05] sample  29: acc_len=5.738 steps=42 out_tok=241
  [ce@lat0.001_sc1e-05] sample  30: acc_len=6.763 steps=38 out_tok=256
  [ce@lat0.001_sc1e-05] sample  31: acc_len=7.457 steps=35 out_tok=256
  [ce@lat0.001_sc1e-05] sample  32: acc_len=5.419 steps=31 out_tok=168
  [ce@lat0.001_sc1e-05] sample  33: acc_len=8.857 steps=21 out_tok=186
  [ce@lat0.001_sc1e-05] sample  34: acc_len=5.903 steps=31 out_tok=183
  [ce@lat0.001_sc1e-05] sample  35: acc_len=7.913 steps=23 out_tok=182
  [ce@lat0.001_sc1e-05] sample  36: acc_len=6.346 steps=26 out_tok=165
  [ce@lat0.001_sc1e-05] sample  37: acc_len=6.737 steps=38 out_tok=256
  [ce@lat0.001_sc1e-05] sample  38: acc_len=5.277 steps=47 out_tok=248
  [ce@lat0.001_sc1e-05] sample  39: acc_len=4.596 steps=57 out_tok=256
  >>> ce@lat0.001_sc1e-05      dev=5.859  GEN=5.675±0.113  proxy=7.555  flips=0.387%  (129s)
########## dev-selected: ce@lat1e-05_sc1e-05  gen tau = 6.156  (ADMM-only 5.530) ##########
wrote $SCRATCH/work/op.json
