===== i_norm calibration (real drafting, FP drafter) =====
/root/miniconda3/envs/py3.10/lib/python3.10/site-packages/torch/nn/modules/module.py:1790: FutureWarning: `past_key_value` is deprecated and will be removed in version 4.58 for `Qwen3DecoderLayer.forward`. Use `past_key_values` instead.
  return forward_call(*args, **kwargs)
    calib 16/128
    calib 32/128
    calib 48/128
    calib 64/128
    calib 80/128
    calib 96/128
    calib 112/128
    calib 128/128
===== on-policy windows =====
The following generation flags are not valid and may be ignored: ['temperature', 'top_p', 'top_k']. Set `TRANSFORMERS_VERBOSITY=info` for more details.
    generated 64/1800 prompts -> 53 usable windows
    generated 128/1800 prompts -> 112 usable windows
    generated 192/1800 prompts -> 174 usable windows
    generated 256/1800 prompts -> 236 usable windows
    generated 320/1800 prompts -> 298 usable windows
    generated 384/1800 prompts -> 355 usable windows
    generated 448/1800 prompts -> 414 usable windows
    generated 512/1800 prompts -> 474 usable windows
    generated 576/1800 prompts -> 534 usable windows
    generated 640/1800 prompts -> 591 usable windows
    generated 704/1800 prompts -> 651 usable windows
    generated 768/1800 prompts -> 713 usable windows
    generated 832/1800 prompts -> 773 usable windows
    generated 896/1800 prompts -> 833 usable windows
    generated 960/1800 prompts -> 893 usable windows
    generated 1024/1800 prompts -> 952 usable windows
    generated 1088/1800 prompts -> 1014 usable windows
    generated 1152/1800 prompts -> 1072 usable windows
    generated 1216/1800 prompts -> 1129 usable windows
    generated 1280/1800 prompts -> 1188 usable windows
  windows (1152, 208, 4096) in 431s
  proxy FP: {'prefill_tau': 10.828125, 'prefill_tau_sem': 0.4670634865760803, 'surrogate': 9.351005554199219}
===== ADMM, calibrated i_norm (do_train=True) =====
		ADMM weight recon error: raw=11612.7803, norm=0.0900, per_el=6.9218e-04, ADMM time=5.81s
		ADMM weight recon error: raw=4036.8606, norm=0.1331, per_el=9.6246e-04, ADMM time=1.63s
		ADMM weight recon error: raw=128499.6016, norm=0.3076, per_el=7.6592e-03, ADMM time=5.73s
		ADMM weight recon error: raw=1169.1138, norm=0.0672, per_el=2.7874e-04, ADMM time=1.64s
  ADMM layer 0 done
		ADMM weight recon error: raw=95968.9844, norm=0.1674, per_el=5.7202e-03, ADMM time=5.73s
		ADMM weight recon error: raw=28949.7109, norm=0.2142, per_el=6.9021e-03, ADMM time=1.63s
		ADMM weight recon error: raw=125037.2266, norm=0.2935, per_el=7.4528e-03, ADMM time=5.73s
		ADMM weight recon error: raw=16880.6211, norm=0.1258, per_el=4.0247e-03, ADMM time=1.63s
  ADMM layer 1 done
		ADMM weight recon error: raw=119386.4922, norm=0.2067, per_el=7.1160e-03, ADMM time=5.72s
		ADMM weight recon error: raw=35198.5156, norm=0.2685, per_el=8.3920e-03, ADMM time=1.64s
		ADMM weight recon error: raw=117354.1016, norm=0.2879, per_el=6.9948e-03, ADMM time=5.73s
		ADMM weight recon error: raw=28404.7852, norm=0.2070, per_el=6.7722e-03, ADMM time=1.63s
  ADMM layer 2 done
		ADMM weight recon error: raw=122808.1797, norm=0.2111, per_el=7.3199e-03, ADMM time=5.73s
		ADMM weight recon error: raw=32703.9980, norm=0.2753, per_el=7.7972e-03, ADMM time=1.64s
		ADMM weight recon error: raw=126561.2031, norm=0.3029, per_el=7.5436e-03, ADMM time=5.73s
		ADMM weight recon error: raw=27210.5117, norm=0.2134, per_el=6.4875e-03, ADMM time=1.63s
  ADMM layer 3 done
		ADMM weight recon error: raw=132443.3281, norm=0.2343, per_el=7.8942e-03, ADMM time=5.73s
		ADMM weight recon error: raw=39362.8320, norm=0.3015, per_el=9.3848e-03, ADMM time=1.64s
		ADMM weight recon error: raw=138041.7031, norm=0.3009, per_el=8.2279e-03, ADMM time=5.72s
		ADMM weight recon error: raw=33600.2617, norm=0.2431, per_el=8.0109e-03, ADMM time=1.63s
  ADMM layer 4 done
		ADMM weight recon error: raw=136772.2969, norm=0.2368, per_el=8.1523e-03, ADMM time=5.72s
		ADMM weight recon error: raw=40630.5820, norm=0.3052, per_el=9.6871e-03, ADMM time=1.63s
		ADMM weight recon error: raw=137905.6094, norm=0.3089, per_el=8.2198e-03, ADMM time=5.73s
		ADMM weight recon error: raw=35759.0430, norm=0.2477, per_el=8.5256e-03, ADMM time=1.63s
  ADMM layer 5 done
		ADMM weight recon error: raw=140378.8750, norm=0.2466, per_el=8.3672e-03, ADMM time=5.73s
		ADMM weight recon error: raw=40421.8438, norm=0.3084, per_el=9.6373e-03, ADMM time=1.64s
		ADMM weight recon error: raw=137613.2500, norm=0.3013, per_el=8.2024e-03, ADMM time=5.74s
		ADMM weight recon error: raw=36975.3867, norm=0.2525, per_el=8.8156e-03, ADMM time=1.63s
  ADMM layer 6 done
		ADMM weight recon error: raw=140387.3906, norm=0.2380, per_el=8.3677e-03, ADMM time=5.72s
		ADMM weight recon error: raw=41827.9883, norm=0.3071, per_el=9.9726e-03, ADMM time=1.63s
		ADMM weight recon error: raw=142313.5938, norm=0.3188, per_el=8.4826e-03, ADMM time=5.73s
		ADMM weight recon error: raw=37726.8164, norm=0.2523, per_el=8.9948e-03, ADMM time=1.63s
  ADMM layer 7 done
		ADMM weight recon error: raw=138404.0625, norm=0.2466, per_el=8.2495e-03, ADMM time=5.74s
		ADMM weight recon error: raw=41063.8867, norm=0.3145, per_el=9.7904e-03, ADMM time=1.63s
		ADMM weight recon error: raw=142585.4375, norm=0.3067, per_el=8.4988e-03, ADMM time=5.73s
		ADMM weight recon error: raw=36067.5430, norm=0.2516, per_el=8.5992e-03, ADMM time=1.63s
  ADMM layer 8 done
		ADMM weight recon error: raw=130696.5000, norm=0.2399, per_el=7.7901e-03, ADMM time=5.73s
		ADMM weight recon error: raw=40152.1172, norm=0.3254, per_el=9.5730e-03, ADMM time=1.63s
		ADMM weight recon error: raw=151611.9531, norm=0.3097, per_el=9.0368e-03, ADMM time=5.73s
		ADMM weight recon error: raw=33230.3516, norm=0.2516, per_el=7.9227e-03, ADMM time=1.63s
  ADMM layer 9 done
  [admm] sample   0: acc_len=4.952 steps=42 out_tok=208
  [admm] sample   1: acc_len=5.800 steps=15 out_tok=87
  [admm] sample   2: acc_len=5.489 steps=47 out_tok=256
  [admm] sample   3: acc_len=4.952 steps=21 out_tok=104
  [admm] sample   4: acc_len=5.417 steps=48 out_tok=256
  [admm] sample   5: acc_len=3.911 steps=45 out_tok=176
  [admm] sample   6: acc_len=9.000 steps=25 out_tok=225
  [admm] sample   7: acc_len=4.684 steps=57 out_tok=256
  [admm] sample   8: acc_len=3.686 steps=70 out_tok=256
  [admm] sample   9: acc_len=4.357 steps=42 out_tok=183
  [admm] sample  10: acc_len=6.571 steps=35 out_tok=230
  [admm] sample  11: acc_len=5.636 steps=33 out_tok=186
  [admm] sample  12: acc_len=3.924 steps=66 out_tok=256
  [admm] sample  13: acc_len=5.354 steps=48 out_tok=256
  [admm] sample  14: acc_len=7.314 steps=35 out_tok=256
  [admm] sample  15: acc_len=4.860 steps=50 out_tok=243
  [admm] sample  16: acc_len=5.941 steps=17 out_tok=101
  [admm] sample  17: acc_len=6.700 steps=40 out_tok=256
  [admm] sample  18: acc_len=5.464 steps=28 out_tok=153
  [admm] sample  19: acc_len=4.981 steps=54 out_tok=256
  [admm] sample  20: acc_len=4.431 steps=58 out_tok=256
  [admm] sample  21: acc_len=4.723 steps=47 out_tok=222
  [admm] sample  22: acc_len=5.320 steps=25 out_tok=133
  [admm] sample  23: acc_len=5.300 steps=20 out_tok=106
  [admm] sample  24: acc_len=5.769 steps=26 out_tok=150
  [admm] sample  25: acc_len=7.108 steps=37 out_tok=256
  [admm] sample  26: acc_len=7.438 steps=32 out_tok=238
  [admm] sample  27: acc_len=5.808 steps=26 out_tok=151
  [admm] sample  28: acc_len=5.027 steps=37 out_tok=186
  [admm] sample  29: acc_len=6.050 steps=40 out_tok=242
  [admm] sample  30: acc_len=6.816 steps=38 out_tok=256
  [admm] sample  31: acc_len=7.909 steps=33 out_tok=256
  [admm] sample  32: acc_len=5.419 steps=31 out_tok=168
  [admm] sample  33: acc_len=8.455 steps=22 out_tok=186
  [admm] sample  34: acc_len=6.310 steps=29 out_tok=183
  [admm] sample  35: acc_len=8.273 steps=22 out_tok=182
  [admm] sample  36: acc_len=5.690 steps=29 out_tok=165
  [admm] sample  37: acc_len=4.868 steps=53 out_tok=256
  [admm] sample  38: acc_len=5.391 steps=46 out_tok=248
  [admm] sample  39: acc_len=5.933 steps=45 out_tok=256
  [admm-dev] sample   0: acc_len=6.763 steps=38 out_tok=256
  [admm-dev] sample   1: acc_len=4.544 steps=57 out_tok=256
  [admm-dev] sample   2: acc_len=6.500 steps=16 out_tok=104
  [admm-dev] sample   3: acc_len=4.887 steps=53 out_tok=256
  [admm-dev] sample   4: acc_len=6.140 steps=43 out_tok=256
  [admm-dev] sample   5: acc_len=6.718 steps=39 out_tok=256
  [admm-dev] sample   6: acc_len=4.623 steps=53 out_tok=245
  [admm-dev] sample   7: acc_len=7.824 steps=34 out_tok=256
  ADMM-only: gen tau 5.530  dev 5.754  proxy {'prefill_tau': 7.671875, 'prefill_tau_sem': 0.43909427523612976, 'surrogate': 6.509787559509277}
===== sweep =====
    [ce] epoch 01/6 loss 1.3824
    [ce] epoch 02/6 loss 1.2002
    [ce] epoch 03/6 loss 1.0686
    [ce] epoch 04/6 loss 0.9795
    [ce] epoch 05/6 loss 0.9245
    [ce] epoch 06/6 loss 0.9025
  [ce@lat0_sc1e-05-dev] sample   0: acc_len=8.031 steps=32 out_tok=256
  [ce@lat0_sc1e-05-dev] sample   1: acc_len=4.849 steps=53 out_tok=256
  [ce@lat0_sc1e-05-dev] sample   2: acc_len=6.933 steps=15 out_tok=104
  [ce@lat0_sc1e-05-dev] sample   3: acc_len=5.180 steps=50 out_tok=256
  [ce@lat0_sc1e-05-dev] sample   4: acc_len=7.216 steps=37 out_tok=256
  [ce@lat0_sc1e-05-dev] sample   5: acc_len=8.188 steps=32 out_tok=256
  [ce@lat0_sc1e-05-dev] sample   6: acc_len=5.104 steps=48 out_tok=245
  [ce@lat0_sc1e-05-dev] sample   7: acc_len=10.231 steps=26 out_tok=256
  [ce@lat0_sc1e-05] sample   0: acc_len=5.622 steps=37 out_tok=208
  [ce@lat0_sc1e-05] sample   1: acc_len=6.692 steps=13 out_tok=87
  [ce@lat0_sc1e-05] sample   2: acc_len=6.366 steps=41 out_tok=256
  [ce@lat0_sc1e-05] sample   3: acc_len=5.778 steps=18 out_tok=104
  [ce@lat0_sc1e-05] sample   4: acc_len=5.652 steps=46 out_tok=256
  [ce@lat0_sc1e-05] sample   5: acc_len=4.293 steps=41 out_tok=176
  [ce@lat0_sc1e-05] sample   6: acc_len=10.227 steps=22 out_tok=225
  [ce@lat0_sc1e-05] sample   7: acc_len=5.804 steps=46 out_tok=256
  [ce@lat0_sc1e-05] sample   8: acc_len=3.382 steps=76 out_tok=256
  [ce@lat0_sc1e-05] sample   9: acc_len=7.314 steps=35 out_tok=256
  [ce@lat0_sc1e-05] sample  10: acc_len=6.571 steps=35 out_tok=230
  [ce@lat0_sc1e-05] sample  11: acc_len=7.533 steps=30 out_tok=226
  [ce@lat0_sc1e-05] sample  12: acc_len=4.741 steps=54 out_tok=256
  [ce@lat0_sc1e-05] sample  13: acc_len=6.119 steps=42 out_tok=256
  [ce@lat0_sc1e-05] sample  14: acc_len=8.258 steps=31 out_tok=256
  [ce@lat0_sc1e-05] sample  15: acc_len=5.370 steps=46 out_tok=247
  [ce@lat0_sc1e-05] sample  16: acc_len=5.611 steps=18 out_tok=101
  [ce@lat0_sc1e-05] sample  17: acc_len=7.361 steps=36 out_tok=256
  [ce@lat0_sc1e-05] sample  18: acc_len=6.375 steps=24 out_tok=153
  [ce@lat0_sc1e-05] sample  19: acc_len=4.923 steps=52 out_tok=256
  [ce@lat0_sc1e-05] sample  20: acc_len=4.923 steps=52 out_tok=256
  [ce@lat0_sc1e-05] sample  21: acc_len=5.921 steps=38 out_tok=225
  [ce@lat0_sc1e-05] sample  22: acc_len=6.947 steps=19 out_tok=132
  [ce@lat0_sc1e-05] sample  23: acc_len=5.579 steps=19 out_tok=106
  [ce@lat0_sc1e-05] sample  24: acc_len=6.000 steps=25 out_tok=150
  [ce@lat0_sc1e-05] sample  25: acc_len=8.533 steps=30 out_tok=256
  [ce@lat0_sc1e-05] sample  26: acc_len=8.429 steps=28 out_tok=236
  [ce@lat0_sc1e-05] sample  27: acc_len=6.040 steps=25 out_tok=151
  [ce@lat0_sc1e-05] sample  28: acc_len=6.931 steps=29 out_tok=201
  [ce@lat0_sc1e-05] sample  29: acc_len=6.214 steps=42 out_tok=256
  [ce@lat0_sc1e-05] sample  30: acc_len=7.000 steps=37 out_tok=256
  [ce@lat0_sc1e-05] sample  31: acc_len=8.700 steps=30 out_tok=256
  [ce@lat0_sc1e-05] sample  32: acc_len=7.000 steps=24 out_tok=168
  [ce@lat0_sc1e-05] sample  33: acc_len=8.455 steps=22 out_tok=186
  [ce@lat0_sc1e-05] sample  34: acc_len=6.778 steps=27 out_tok=183
  [ce@lat0_sc1e-05] sample  35: acc_len=8.273 steps=22 out_tok=182
  [ce@lat0_sc1e-05] sample  36: acc_len=5.690 steps=29 out_tok=165
  [ce@lat0_sc1e-05] sample  37: acc_len=5.265 steps=49 out_tok=256
  [ce@lat0_sc1e-05] sample  38: acc_len=5.636 steps=44 out_tok=248
  [ce@lat0_sc1e-05] sample  39: acc_len=6.244 steps=41 out_tok=256
  >>> ce@lat0_sc1e-05          dev=6.543  GEN=6.173±0.127  proxy=8.633  flips=0.000%  (130s)
    [ce] epoch 01/6 loss 1.3759
    [ce] epoch 02/6 loss 0.7772
    [ce] epoch 03/6 loss 0.4725
    [ce] epoch 04/6 loss 0.3466
    [ce] epoch 05/6 loss 0.2368
    [ce] epoch 06/6 loss 0.1756
  [ce@lat0.0003_sc0-dev] sample   0: acc_len=8.290 steps=31 out_tok=256
  [ce@lat0.0003_sc0-dev] sample   1: acc_len=4.589 steps=56 out_tok=256
  [ce@lat0.0003_sc0-dev] sample   2: acc_len=6.500 steps=16 out_tok=104
  [ce@lat0.0003_sc0-dev] sample   3: acc_len=6.366 steps=41 out_tok=256
  [ce@lat0.0003_sc0-dev] sample   4: acc_len=6.946 steps=37 out_tok=256
  [ce@lat0.0003_sc0-dev] sample   5: acc_len=10.077 steps=26 out_tok=256
  [ce@lat0.0003_sc0-dev] sample   6: acc_len=4.922 steps=51 out_tok=251
  [ce@lat0.0003_sc0-dev] sample   7: acc_len=9.852 steps=27 out_tok=256
  [ce@lat0.0003_sc0] sample   0: acc_len=5.778 steps=36 out_tok=208
  [ce@lat0.0003_sc0] sample   1: acc_len=6.429 steps=14 out_tok=90
  [ce@lat0.0003_sc0] sample   2: acc_len=5.870 steps=46 out_tok=256
  [ce@lat0.0003_sc0] sample   3: acc_len=4.952 steps=21 out_tok=104
  [ce@lat0.0003_sc0] sample   4: acc_len=6.244 steps=41 out_tok=256
  [ce@lat0.0003_sc0] sample   5: acc_len=4.000 steps=45 out_tok=180
  [ce@lat0.0003_sc0] sample   6: acc_len=9.783 steps=23 out_tok=225
  [ce@lat0.0003_sc0] sample   7: acc_len=5.933 steps=45 out_tok=256
  [ce@lat0.0003_sc0] sample   8: acc_len=3.894 steps=66 out_tok=256
  [ce@lat0.0003_sc0] sample   9: acc_len=7.529 steps=34 out_tok=256
  [ce@lat0.0003_sc0] sample  10: acc_len=6.765 steps=34 out_tok=230
  [ce@lat0.0003_sc0] sample  11: acc_len=7.533 steps=30 out_tok=226
  [ce@lat0.0003_sc0] sample  12: acc_len=4.727 steps=55 out_tok=256
  [ce@lat0.0003_sc0] sample  13: acc_len=5.800 steps=45 out_tok=256
  [ce@lat0.0003_sc0] sample  14: acc_len=7.970 steps=33 out_tok=256
  [ce@lat0.0003_sc0] sample  15: acc_len=5.170 steps=47 out_tok=243
  [ce@lat0.0003_sc0] sample  16: acc_len=6.733 steps=15 out_tok=101
  [ce@lat0.0003_sc0] sample  17: acc_len=7.026 steps=38 out_tok=256
  [ce@lat0.0003_sc0] sample  18: acc_len=6.120 steps=25 out_tok=153
  [ce@lat0.0003_sc0] sample  19: acc_len=5.380 steps=50 out_tok=256
  [ce@lat0.0003_sc0] sample  20: acc_len=5.059 steps=51 out_tok=256
  [ce@lat0.0003_sc0] sample  21: acc_len=5.310 steps=42 out_tok=223
  [ce@lat0.0003_sc0] sample  22: acc_len=6.650 steps=20 out_tok=133
  [ce@lat0.0003_sc0] sample  23: acc_len=7.067 steps=15 out_tok=106
  [ce@lat0.0003_sc0] sample  24: acc_len=5.769 steps=26 out_tok=150
  [ce@lat0.0003_sc0] sample  25: acc_len=8.567 steps=30 out_tok=256
  [ce@lat0.0003_sc0] sample  26: acc_len=7.419 steps=31 out_tok=230
  [ce@lat0.0003_sc0] sample  27: acc_len=6.292 steps=24 out_tok=151
  [ce@lat0.0003_sc0] sample  28: acc_len=6.484 steps=31 out_tok=201
  [ce@lat0.0003_sc0] sample  29: acc_len=6.564 steps=39 out_tok=256
  [ce@lat0.0003_sc0] sample  30: acc_len=6.763 steps=38 out_tok=256
  [ce@lat0.0003_sc0] sample  31: acc_len=8.258 steps=31 out_tok=256
  [ce@lat0.0003_sc0] sample  32: acc_len=7.000 steps=24 out_tok=168
  [ce@lat0.0003_sc0] sample  33: acc_len=8.455 steps=22 out_tok=186
  [ce@lat0.0003_sc0] sample  34: acc_len=6.778 steps=27 out_tok=183
  [ce@lat0.0003_sc0] sample  35: acc_len=9.579 steps=19 out_tok=182
  [ce@lat0.0003_sc0] sample  36: acc_len=6.111 steps=27 out_tok=165
  [ce@lat0.0003_sc0] sample  37: acc_len=6.919 steps=37 out_tok=256
  [ce@lat0.0003_sc0] sample  38: acc_len=5.767 steps=43 out_tok=248
  [ce@lat0.0003_sc0] sample  39: acc_len=5.096 steps=52 out_tok=256
  >>> ce@lat0.0003_sc0         dev=6.719  GEN=6.208±0.128  proxy=8.523  flips=0.098%  (130s)
########## dev-selected: ce@lat0.0003_sc0  gen tau = 6.208  (ADMM-only 5.530) ##########
wrote $SCRATCH/work/op2x2.json
