===== i_norm calibration (real drafting, FP drafter) =====
/root/miniconda3/envs/py3.10/lib/python3.10/site-packages/torch/nn/modules/module.py:1790: FutureWarning: `past_key_value` is deprecated and will be removed in version 4.58 for `Qwen3DecoderLayer.forward`. Use `past_key_values` instead.
  return forward_call(*args, **kwargs)
    calib 16/128
    calib 32/128
    calib 48/128
    calib 64/128
    calib 80/128
    calib 96/128
    calib 112/128
    calib 128/128
===== on-policy windows =====
The following generation flags are not valid and may be ignored: ['temperature', 'top_p', 'top_k']. Set `TRANSFORMERS_VERBOSITY=info` for more details.
    generated 64/7000 prompts -> 53 usable windows
    generated 128/7000 prompts -> 112 usable windows
    generated 192/7000 prompts -> 174 usable windows
    generated 256/7000 prompts -> 236 usable windows
    generated 320/7000 prompts -> 298 usable windows
    generated 384/7000 prompts -> 355 usable windows
    generated 448/7000 prompts -> 414 usable windows
    generated 512/7000 prompts -> 474 usable windows
    generated 576/7000 prompts -> 534 usable windows
    generated 640/7000 prompts -> 591 usable windows
    generated 704/7000 prompts -> 651 usable windows
    generated 768/7000 prompts -> 713 usable windows
    generated 832/7000 prompts -> 773 usable windows
    generated 896/7000 prompts -> 833 usable windows
    generated 960/7000 prompts -> 893 usable windows
    generated 1024/7000 prompts -> 952 usable windows
    generated 1088/7000 prompts -> 1014 usable windows
    generated 1152/7000 prompts -> 1072 usable windows
    generated 1216/7000 prompts -> 1129 usable windows
    generated 1280/7000 prompts -> 1188 usable windows
    generated 1344/7000 prompts -> 1245 usable windows
    generated 1408/7000 prompts -> 1304 usable windows
    generated 1472/7000 prompts -> 1363 usable windows
    generated 1536/7000 prompts -> 1422 usable windows
    generated 1600/7000 prompts -> 1484 usable windows
    generated 1664/7000 prompts -> 1543 usable windows
    generated 1728/7000 prompts -> 1606 usable windows
    generated 1792/7000 prompts -> 1662 usable windows
    generated 1856/7000 prompts -> 1725 usable windows
    generated 1920/7000 prompts -> 1783 usable windows
    generated 1984/7000 prompts -> 1843 usable windows
    generated 2048/7000 prompts -> 1898 usable windows
    generated 2112/7000 prompts -> 1956 usable windows
    generated 2176/7000 prompts -> 2013 usable windows
    generated 2240/7000 prompts -> 2071 usable windows
    generated 2304/7000 prompts -> 2129 usable windows
    generated 2368/7000 prompts -> 2184 usable windows
    generated 2432/7000 prompts -> 2245 usable windows
    generated 2496/7000 prompts -> 2306 usable windows
    generated 2560/7000 prompts -> 2366 usable windows
    generated 2624/7000 prompts -> 2422 usable windows
    generated 2688/7000 prompts -> 2476 usable windows
    generated 2752/7000 prompts -> 2526 usable windows
    generated 2816/7000 prompts -> 2585 usable windows
    generated 2880/7000 prompts -> 2645 usable windows
    generated 2944/7000 prompts -> 2703 usable windows
    generated 3008/7000 prompts -> 2763 usable windows
    generated 3072/7000 prompts -> 2821 usable windows
    generated 3136/7000 prompts -> 2878 usable windows
    generated 3200/7000 prompts -> 2938 usable windows
    generated 3264/7000 prompts -> 2995 usable windows
    generated 3328/7000 prompts -> 3055 usable windows
    generated 3392/7000 prompts -> 3115 usable windows
    generated 3456/7000 prompts -> 3170 usable windows
    generated 3520/7000 prompts -> 3228 usable windows
    generated 3584/7000 prompts -> 3286 usable windows
    generated 3648/7000 prompts -> 3344 usable windows
    generated 3712/7000 prompts -> 3401 usable windows
    generated 3776/7000 prompts -> 3460 usable windows
    generated 3840/7000 prompts -> 3517 usable windows
    generated 3904/7000 prompts -> 3577 usable windows
    generated 3968/7000 prompts -> 3638 usable windows
    generated 4032/7000 prompts -> 3695 usable windows
    generated 4096/7000 prompts -> 3755 usable windows
    generated 4160/7000 prompts -> 3810 usable windows
    generated 4224/7000 prompts -> 3864 usable windows
    generated 4288/7000 prompts -> 3922 usable windows
    generated 4352/7000 prompts -> 3980 usable windows
    generated 4416/7000 prompts -> 4039 usable windows
    generated 4480/7000 prompts -> 4101 usable windows
    generated 4544/7000 prompts -> 4161 usable windows
    generated 4608/7000 prompts -> 4222 usable windows
    generated 4672/7000 prompts -> 4281 usable windows
  windows (4224, 208, 4096) in 1600s
  proxy FP: {'prefill_tau': 11.0390625, 'prefill_tau_sem': 0.4694666266441345, 'surrogate': 9.594857215881348}
===== ADMM, calibrated i_norm (do_train=True) =====
		ADMM weight recon error: raw=11612.7803, norm=0.0900, per_el=6.9218e-04, ADMM time=5.81s
		ADMM weight recon error: raw=4036.8606, norm=0.1331, per_el=9.6246e-04, ADMM time=1.63s
		ADMM weight recon error: raw=128499.6016, norm=0.3076, per_el=7.6592e-03, ADMM time=5.73s
		ADMM weight recon error: raw=1169.1138, norm=0.0672, per_el=2.7874e-04, ADMM time=1.63s
  ADMM layer 0 done
		ADMM weight recon error: raw=95968.9844, norm=0.1674, per_el=5.7202e-03, ADMM time=5.72s
		ADMM weight recon error: raw=28949.7109, norm=0.2142, per_el=6.9021e-03, ADMM time=1.64s
		ADMM weight recon error: raw=125037.2266, norm=0.2935, per_el=7.4528e-03, ADMM time=5.72s
		ADMM weight recon error: raw=16880.6211, norm=0.1258, per_el=4.0247e-03, ADMM time=1.62s
  ADMM layer 1 done
		ADMM weight recon error: raw=119386.4922, norm=0.2067, per_el=7.1160e-03, ADMM time=5.73s
		ADMM weight recon error: raw=35198.5156, norm=0.2685, per_el=8.3920e-03, ADMM time=1.63s
		ADMM weight recon error: raw=117354.1016, norm=0.2879, per_el=6.9948e-03, ADMM time=5.73s
		ADMM weight recon error: raw=28404.7852, norm=0.2070, per_el=6.7722e-03, ADMM time=1.62s
  ADMM layer 2 done
		ADMM weight recon error: raw=122808.1797, norm=0.2111, per_el=7.3199e-03, ADMM time=5.73s
		ADMM weight recon error: raw=32703.9980, norm=0.2753, per_el=7.7972e-03, ADMM time=1.62s
		ADMM weight recon error: raw=126561.2031, norm=0.3029, per_el=7.5436e-03, ADMM time=5.73s
		ADMM weight recon error: raw=27210.5117, norm=0.2134, per_el=6.4875e-03, ADMM time=1.63s
  ADMM layer 3 done
		ADMM weight recon error: raw=132443.3281, norm=0.2343, per_el=7.8942e-03, ADMM time=5.74s
		ADMM weight recon error: raw=39362.8320, norm=0.3015, per_el=9.3848e-03, ADMM time=1.63s
		ADMM weight recon error: raw=138041.7031, norm=0.3009, per_el=8.2279e-03, ADMM time=5.74s
		ADMM weight recon error: raw=33600.2617, norm=0.2431, per_el=8.0109e-03, ADMM time=1.63s
  ADMM layer 4 done
		ADMM weight recon error: raw=136772.2969, norm=0.2368, per_el=8.1523e-03, ADMM time=5.73s
		ADMM weight recon error: raw=40630.5820, norm=0.3052, per_el=9.6871e-03, ADMM time=1.63s
		ADMM weight recon error: raw=137905.6094, norm=0.3089, per_el=8.2198e-03, ADMM time=5.73s
		ADMM weight recon error: raw=35759.0430, norm=0.2477, per_el=8.5256e-03, ADMM time=1.63s
  ADMM layer 5 done
		ADMM weight recon error: raw=140378.8750, norm=0.2466, per_el=8.3672e-03, ADMM time=5.73s
		ADMM weight recon error: raw=40421.8438, norm=0.3084, per_el=9.6373e-03, ADMM time=1.63s
		ADMM weight recon error: raw=137613.2500, norm=0.3013, per_el=8.2024e-03, ADMM time=5.73s
		ADMM weight recon error: raw=36975.3867, norm=0.2525, per_el=8.8156e-03, ADMM time=1.63s
  ADMM layer 6 done
		ADMM weight recon error: raw=140387.3906, norm=0.2380, per_el=8.3677e-03, ADMM time=5.72s
		ADMM weight recon error: raw=41827.9883, norm=0.3071, per_el=9.9726e-03, ADMM time=1.62s
		ADMM weight recon error: raw=142313.5938, norm=0.3188, per_el=8.4826e-03, ADMM time=5.73s
		ADMM weight recon error: raw=37726.8164, norm=0.2523, per_el=8.9948e-03, ADMM time=1.62s
  ADMM layer 7 done
		ADMM weight recon error: raw=138404.0625, norm=0.2466, per_el=8.2495e-03, ADMM time=5.74s
		ADMM weight recon error: raw=41063.8867, norm=0.3145, per_el=9.7904e-03, ADMM time=1.63s
		ADMM weight recon error: raw=142585.4375, norm=0.3067, per_el=8.4988e-03, ADMM time=5.73s
		ADMM weight recon error: raw=36067.5430, norm=0.2516, per_el=8.5992e-03, ADMM time=1.63s
  ADMM layer 8 done
		ADMM weight recon error: raw=130696.5000, norm=0.2399, per_el=7.7901e-03, ADMM time=5.73s
		ADMM weight recon error: raw=40152.1172, norm=0.3254, per_el=9.5730e-03, ADMM time=1.62s
		ADMM weight recon error: raw=151611.9531, norm=0.3097, per_el=9.0368e-03, ADMM time=5.73s
		ADMM weight recon error: raw=33230.3516, norm=0.2516, per_el=7.9227e-03, ADMM time=1.62s
  ADMM layer 9 done
  [admm] sample   0: acc_len=4.952 steps=42 out_tok=208
  [admm] sample   1: acc_len=5.800 steps=15 out_tok=87
  [admm] sample   2: acc_len=5.489 steps=47 out_tok=256
  [admm] sample   3: acc_len=4.952 steps=21 out_tok=104
  [admm] sample   4: acc_len=5.417 steps=48 out_tok=256
  [admm] sample   5: acc_len=3.911 steps=45 out_tok=176
  [admm] sample   6: acc_len=9.000 steps=25 out_tok=225
  [admm] sample   7: acc_len=4.684 steps=57 out_tok=256
  [admm] sample   8: acc_len=3.686 steps=70 out_tok=256
  [admm] sample   9: acc_len=4.357 steps=42 out_tok=183
  [admm] sample  10: acc_len=6.571 steps=35 out_tok=230
  [admm] sample  11: acc_len=5.636 steps=33 out_tok=186
  [admm] sample  12: acc_len=3.924 steps=66 out_tok=256
  [admm] sample  13: acc_len=5.354 steps=48 out_tok=256
  [admm] sample  14: acc_len=7.314 steps=35 out_tok=256
  [admm] sample  15: acc_len=4.860 steps=50 out_tok=243
  [admm] sample  16: acc_len=5.941 steps=17 out_tok=101
  [admm] sample  17: acc_len=6.700 steps=40 out_tok=256
  [admm] sample  18: acc_len=5.464 steps=28 out_tok=153
  [admm] sample  19: acc_len=4.981 steps=54 out_tok=256
  [admm] sample  20: acc_len=4.431 steps=58 out_tok=256
  [admm] sample  21: acc_len=4.723 steps=47 out_tok=222
  [admm] sample  22: acc_len=5.320 steps=25 out_tok=133
  [admm] sample  23: acc_len=5.300 steps=20 out_tok=106
  [admm] sample  24: acc_len=5.769 steps=26 out_tok=150
  [admm] sample  25: acc_len=7.108 steps=37 out_tok=256
  [admm] sample  26: acc_len=7.438 steps=32 out_tok=238
  [admm] sample  27: acc_len=5.808 steps=26 out_tok=151
  [admm] sample  28: acc_len=5.027 steps=37 out_tok=186
  [admm] sample  29: acc_len=6.050 steps=40 out_tok=242
  [admm] sample  30: acc_len=6.816 steps=38 out_tok=256
  [admm] sample  31: acc_len=7.909 steps=33 out_tok=256
  [admm] sample  32: acc_len=5.419 steps=31 out_tok=168
  [admm] sample  33: acc_len=8.455 steps=22 out_tok=186
  [admm] sample  34: acc_len=6.310 steps=29 out_tok=183
  [admm] sample  35: acc_len=8.273 steps=22 out_tok=182
  [admm] sample  36: acc_len=5.690 steps=29 out_tok=165
  [admm] sample  37: acc_len=4.868 steps=53 out_tok=256
  [admm] sample  38: acc_len=5.391 steps=46 out_tok=248
  [admm] sample  39: acc_len=5.933 steps=45 out_tok=256
  [admm-dev] sample   0: acc_len=6.763 steps=38 out_tok=256
  [admm-dev] sample   1: acc_len=4.544 steps=57 out_tok=256
  [admm-dev] sample   2: acc_len=6.500 steps=16 out_tok=104
  [admm-dev] sample   3: acc_len=4.887 steps=53 out_tok=256
  [admm-dev] sample   4: acc_len=6.140 steps=43 out_tok=256
  [admm-dev] sample   5: acc_len=6.718 steps=39 out_tok=256
  [admm-dev] sample   6: acc_len=4.623 steps=53 out_tok=245
  [admm-dev] sample   7: acc_len=7.824 steps=34 out_tok=256
  ADMM-only: gen tau 5.530  dev 5.754  proxy {'prefill_tau': 8.1953125, 'prefill_tau_sem': 0.41930803656578064, 'surrogate': 6.788912296295166}
===== sweep =====
    [ce] epoch 01/6 loss 1.3726
    [ce] epoch 02/6 loss 1.0015
    [ce] epoch 03/6 loss 0.7260
    [ce] epoch 04/6 loss 0.5554
    [ce] epoch 05/6 loss 0.4508
    [ce] epoch 06/6 loss 0.4016
  [ce@lat0.0001_sc1e-05-dev] sample   0: acc_len=8.567 steps=30 out_tok=256
  [ce@lat0.0001_sc1e-05-dev] sample   1: acc_len=4.709 steps=55 out_tok=256
  [ce@lat0.0001_sc1e-05-dev] sample   2: acc_len=6.933 steps=15 out_tok=104
  [ce@lat0.0001_sc1e-05-dev] sample   3: acc_len=6.500 steps=40 out_tok=256
  [ce@lat0.0001_sc1e-05-dev] sample   4: acc_len=7.216 steps=37 out_tok=256
  [ce@lat0.0001_sc1e-05-dev] sample   5: acc_len=8.188 steps=32 out_tok=256
  [ce@lat0.0001_sc1e-05-dev] sample   6: acc_len=4.638 steps=58 out_tok=256
  [ce@lat0.0001_sc1e-05-dev] sample   7: acc_len=11.083 steps=24 out_tok=256
  [ce@lat0.0001_sc1e-05] sample   0: acc_len=6.303 steps=33 out_tok=208
  [ce@lat0.0001_sc1e-05] sample   1: acc_len=6.000 steps=15 out_tok=90
  [ce@lat0.0001_sc1e-05] sample   2: acc_len=6.000 steps=43 out_tok=256
  [ce@lat0.0001_sc1e-05] sample   3: acc_len=5.778 steps=18 out_tok=104
  [ce@lat0.0001_sc1e-05] sample   4: acc_len=5.565 steps=46 out_tok=256
  [ce@lat0.0001_sc1e-05] sample   5: acc_len=4.611 steps=36 out_tok=166
  [ce@lat0.0001_sc1e-05] sample   6: acc_len=9.375 steps=24 out_tok=225
  [ce@lat0.0001_sc1e-05] sample   7: acc_len=6.068 steps=44 out_tok=256
  [ce@lat0.0001_sc1e-05] sample   8: acc_len=3.526 steps=76 out_tok=256
  [ce@lat0.0001_sc1e-05] sample   9: acc_len=7.618 steps=34 out_tok=256
  [ce@lat0.0001_sc1e-05] sample  10: acc_len=6.389 steps=36 out_tok=230
  [ce@lat0.0001_sc1e-05] sample  11: acc_len=7.062 steps=32 out_tok=226
  [ce@lat0.0001_sc1e-05] sample  12: acc_len=5.098 steps=51 out_tok=256
  [ce@lat0.0001_sc1e-05] sample  13: acc_len=6.500 steps=40 out_tok=256
  [ce@lat0.0001_sc1e-05] sample  14: acc_len=9.429 steps=28 out_tok=256
  [ce@lat0.0001_sc1e-05] sample  15: acc_len=5.170 steps=47 out_tok=243
  [ce@lat0.0001_sc1e-05] sample  16: acc_len=5.941 steps=17 out_tok=101
  [ce@lat0.0001_sc1e-05] sample  17: acc_len=7.794 steps=34 out_tok=256
  [ce@lat0.0001_sc1e-05] sample  18: acc_len=6.652 steps=23 out_tok=153
  [ce@lat0.0001_sc1e-05] sample  19: acc_len=5.000 steps=54 out_tok=256
  [ce@lat0.0001_sc1e-05] sample  20: acc_len=4.942 steps=52 out_tok=256
  [ce@lat0.0001_sc1e-05] sample  21: acc_len=5.302 steps=43 out_tok=228
  [ce@lat0.0001_sc1e-05] sample  22: acc_len=6.286 steps=21 out_tok=132
  [ce@lat0.0001_sc1e-05] sample  23: acc_len=6.625 steps=16 out_tok=106
  [ce@lat0.0001_sc1e-05] sample  24: acc_len=6.000 steps=25 out_tok=150
  [ce@lat0.0001_sc1e-05] sample  25: acc_len=8.786 steps=28 out_tok=246
  [ce@lat0.0001_sc1e-05] sample  26: acc_len=8.429 steps=28 out_tok=236
  [ce@lat0.0001_sc1e-05] sample  27: acc_len=6.864 steps=22 out_tok=151
  [ce@lat0.0001_sc1e-05] sample  28: acc_len=6.281 steps=32 out_tok=201
  [ce@lat0.0001_sc1e-05] sample  29: acc_len=6.692 steps=39 out_tok=256
  [ce@lat0.0001_sc1e-05] sample  30: acc_len=7.343 steps=35 out_tok=256
  [ce@lat0.0001_sc1e-05] sample  31: acc_len=8.121 steps=33 out_tok=256
  [ce@lat0.0001_sc1e-05] sample  32: acc_len=6.720 steps=25 out_tok=168
  [ce@lat0.0001_sc1e-05] sample  33: acc_len=9.300 steps=20 out_tok=186
  [ce@lat0.0001_sc1e-05] sample  34: acc_len=6.536 steps=28 out_tok=183
  [ce@lat0.0001_sc1e-05] sample  35: acc_len=8.038 steps=26 out_tok=209
  [ce@lat0.0001_sc1e-05] sample  36: acc_len=6.600 steps=25 out_tok=165
  [ce@lat0.0001_sc1e-05] sample  37: acc_len=6.475 steps=40 out_tok=256
  [ce@lat0.0001_sc1e-05] sample  38: acc_len=6.049 steps=41 out_tok=248
  [ce@lat0.0001_sc1e-05] sample  39: acc_len=6.700 steps=40 out_tok=256
  >>> ce@lat0.0001_sc1e-05     dev=6.680  GEN=6.335±0.131  proxy=9.008  flips=0.075%  (520s)
########## dev-selected: ce@lat0.0001_sc1e-05  gen tau = 6.335  (ADMM-only 5.530) ##########
wrote $SCRATCH/work/op4k.json
